JOB a2ff5d26d533
REVIEWED {"name": "Bearing Pocket", "summary": "Pre-sized aluminium 6061 box with one flat-bottom blind obround pocket. Coordinates use stock-centred X/Y and bottom Z=0. Coarse simulation demonstration; human review required before CAD is frozen.", "stock_kind": "box", "stock_dimensions_mm": [64, 52, 24], "drawing_tolerance_mm": 3, "blockers": [], "features": [{"name": "Blind obround pocket", "a": [-12, 0], "b": [12, 0], "radius_mm": 10, "floor_z_mm": 8, "evidence_quote": "One blind obround pocket: end centres A=(-12,0), B=(12,0).\nPocket radius 10; absolute floor Z=8; flat bottom."}]}

SOURCE
http://127.0.0.1:2744/api/jobs/a2ff5d26d533 · actual local job state

STAGE
building_cad · Building and freezing the reviewed target

REVIEWED DIMENSIONS
{
  "name": "Bearing Pocket",
  "summary": "Pre-sized aluminium 6061 box with one flat-bottom blind obround pocket. Coordinates use stock-centred X/Y and bottom Z=0. Coarse simulation demonstration; human review required before CAD is frozen.",
  "stock_kind": "box",
  "stock_dimensions_mm": [
    64,
    52,
    24
  ],
  "drawing_tolerance_mm": 3,
  "blockers": [],
  "features": [
    {
      "name": "Blind obround pocket",
      "a": [
        -12,
        0
      ],
      "b": [
        12,
        0
      ],
      "radius_mm": 10,
      "floor_z_mm": 8,
      "evidence_quote": "One blind obround pocket: end centres A=(-12,0), B=(12,0).\nPocket radius 10; absolute floor Z=8; flat bottom."
    }
  ]
}

STAGE
reference_simulation · Measuring the fixed reference CAM on this part

MEMORY LOADED
11

STAGE
cam_planning · Astra is writing CAM candidate 1

STAGE
simulating · Removing stock for candidate 1

FROZEN TARGET
372e913269a7e1bea2fe978602f4e51a4b8858726355a7a39c2e51a3a6cdd917

GENERATED CAM
{
  "summary": "Candidate uses the supplied same-target best strategy: maximum feeds and stepdown, clearance retracts, and 24 circle segments. Current-plan validity and timing require verification.",
  "strategy": {
    "stepover_fraction": 0.75,
    "stepdown_mm": 12,
    "cut_feed_mm_min": 900,
    "plunge_feed_mm_min": 250,
    "retract_feed_mm_min": 1200,
    "segments_per_circle": 24,
    "order": "tool",
    "retract_mode": "clearance",
    "shortest_c": true,
    "junction_cleanup": false
  }
}

STAGE
preparing_playback · Preparing actual stock-removal playback

VERIFICATION
{
  "candidate": 1,
  "stage": "simulated",
  "passed": true,
  "issues": [],
  "seconds": 25.852236294980724,
  "artifact": "/Users/touko/work/helios-one/repos/coreweavehack/cnc_simulator/workspace-live/runs/a2ff5d26d533/attempt-00"
}

STAGE
judging · Timing judge is evaluating the passing plan

STAGE
cam_planning · Astra is writing CAM candidate 2

TIMING JUDGE
{
  "action": "improve",
  "reason": "Two attempts remain, and one verified time provides no evidence of diminishing returns. Cutting accounts for 23.68 of 25.85 seconds, leaving reason to seek a faster passing plan.",
  "guidance_proposal": null
}

STAGE
duplicate_stopped · CAM repeated an identical toolpath; retained the best verified result.

STAGE
completed · CAM repeated an identical toolpath; retained the best verified result.

RESULT
{
  "status": "completed",
  "memory_saved": 12,
  "evidence": {
    "baseline_seconds": 80.74544471125378,
    "best_seconds": 25.852236294980724,
    "baseline_savings_percent": 67.98304054497626,
    "within_run_savings_percent": 0.0,
    "attempts": 1,
    "simulated_attempts": 1,
    "failures": 0,
    "loaded_memory_version": 11,
    "saved_memory_version": 12,
    "stop_reason": "CAM repeated an identical toolpath; retained the best verified result.",
    "claim": "Baseline savings measure CAM optimization, not a causal memory benefit. Memory transfer still requires controlled evaluation."
  },
  "manifest": "/api/jobs/a2ff5d26d533/manifest.json"
}
REHEARSAL VERIFIED
