JOB 99006bbab905
REVIEWED {"name": "Instrument Pocket", "summary": "Pre-sized aluminium 6061 box with one flat-bottom blind obround pocket. Stock origin is centered in X/Y at bottom Z=0; top Z=24. Human review required before CAD is frozen.", "stock_kind": "box", "stock_dimensions_mm": [72, 56, 24], "drawing_tolerance_mm": 3, "blockers": [], "features": [{"name": "Blind obround pocket", "a": [-12, 0], "b": [12, 0], "radius_mm": 12, "floor_z_mm": 10, "evidence_quote": "One blind obround pocket: end centres A=(-12,0), B=(12,0).\nPocket radius 12; absolute floor Z=10; flat bottom."}]}

SOURCE
http://127.0.0.1:2744/api/jobs/99006bbab905 · actual local job state

STAGE
building_cad · Building and freezing the reviewed target

REVIEWED DIMENSIONS
{
  "name": "Instrument Pocket",
  "summary": "Pre-sized aluminium 6061 box with one flat-bottom blind obround pocket. Stock origin is centered in X/Y at bottom Z=0; top Z=24. Human review required before CAD is frozen.",
  "stock_kind": "box",
  "stock_dimensions_mm": [
    72,
    56,
    24
  ],
  "drawing_tolerance_mm": 3,
  "blockers": [],
  "features": [
    {
      "name": "Blind obround pocket",
      "a": [
        -12,
        0
      ],
      "b": [
        12,
        0
      ],
      "radius_mm": 12,
      "floor_z_mm": 10,
      "evidence_quote": "One blind obround pocket: end centres A=(-12,0), B=(12,0).\nPocket radius 12; absolute floor Z=10; flat bottom."
    }
  ]
}

STAGE
reference_simulation · Measuring the fixed reference CAM on this part

MEMORY LOADED
13

STAGE
cam_planning · Astra is writing CAM candidate 1

STAGE
simulating · Removing stock for candidate 1

FROZEN TARGET
e62d3e19bef2717f670beca00d0d5c729beb3dc8cf6c1f4500654ae0d4ff2119

GENERATED CAM
{
  "summary": "Use the supplied matching-target best strategy as a candidate: larger stepover, two depth layers, maximum permitted feeds, and clearance retracts. Current-run validity and timing require verification.",
  "strategy": {
    "stepover_fraction": 0.75,
    "stepdown_mm": 7,
    "cut_feed_mm_min": 900,
    "plunge_feed_mm_min": 250,
    "retract_feed_mm_min": 1200,
    "segments_per_circle": 24,
    "order": "tool",
    "retract_mode": "clearance",
    "shortest_c": true,
    "junction_cleanup": false
  }
}

STAGE
preparing_playback · Preparing actual stock-removal playback

VERIFICATION
{
  "candidate": 1,
  "stage": "simulated",
  "passed": true,
  "issues": [],
  "seconds": 27.263982725443416,
  "artifact": "/Users/touko/work/helios-one/repos/coreweavehack/cnc_simulator/workspace-live/runs/99006bbab905/attempt-00"
}

STAGE
judging · Timing judge is evaluating the passing plan

STAGE
cam_planning · Astra is writing CAM candidate 2

TIMING JUDGE
{
  "action": "improve",
  "reason": "Two attempts remain, and only one verified time is available, so diminishing returns are not established. Cutting accounts for 25.09 of 27.26 seconds, leaving reason to seek a faster passing plan.",
  "guidance_proposal": null
}

STAGE
simulating · Removing stock for candidate 2

GENERATED CAM
{
  "summary": "Test 12 mm stepdown while retaining the passing coverage settings and maximum feeds. This candidate requires simulation; no faster verified result is established.",
  "strategy": {
    "stepover_fraction": 0.75,
    "stepdown_mm": 12,
    "cut_feed_mm_min": 900,
    "plunge_feed_mm_min": 250,
    "retract_feed_mm_min": 1200,
    "segments_per_circle": 24,
    "order": "tool",
    "retract_mode": "clearance",
    "shortest_c": true,
    "junction_cleanup": false
  }
}

STAGE
judging · Timing judge is evaluating the passing plan

VERIFICATION
{
  "candidate": 2,
  "stage": "simulated",
  "passed": true,
  "issues": [],
  "seconds": 27.26398272544342,
  "artifact": "/Users/touko/work/helios-one/repos/coreweavehack/cnc_simulator/workspace-live/runs/99006bbab905/attempt-01"
}

STAGE
cam_planning · Astra is writing CAM candidate 3

TIMING JUDGE
{
  "action": "improve",
  "reason": "One attempt remains. The two verified times are effectively identical at 27.264 seconds; a final attempt offers a chance to reduce time while retaining the best result.",
  "guidance_proposal": null
}

STAGE
simulating · Removing stock for candidate 3

GENERATED CAM
{
  "summary": "Test a different contour discretization with 26 segments. This candidate requires simulation; no timing improvement is established. Retain the verified 27.264-second plan unless this passes faster.",
  "strategy": {
    "stepover_fraction": 0.75,
    "stepdown_mm": 12,
    "cut_feed_mm_min": 900,
    "plunge_feed_mm_min": 250,
    "retract_feed_mm_min": 1200,
    "segments_per_circle": 26,
    "order": "tool",
    "retract_mode": "clearance",
    "shortest_c": true,
    "junction_cleanup": false
  }
}

STAGE
judging · Timing judge is evaluating the passing plan

VERIFICATION
{
  "candidate": 3,
  "stage": "simulated",
  "passed": true,
  "issues": [],
  "seconds": 27.266102833077568,
  "artifact": "/Users/touko/work/helios-one/repos/coreweavehack/cnc_simulator/workspace-live/runs/99006bbab905/attempt-02"
}

STAGE
completed · Timing judge accepted the verified plan.

TIMING JUDGE
{
  "action": "stop",
  "reason": "No attempts remain. The latest time is 0.00212 seconds slower than the best verified time of 27.26398 seconds; recent timings show no improvement.",
  "guidance_proposal": null
}

RESULT
{
  "status": "completed",
  "memory_saved": 14,
  "evidence": {
    "baseline_seconds": 125.51800108171687,
    "best_seconds": 27.263982725443416,
    "baseline_savings_percent": 78.27882655038974,
    "within_run_savings_percent": 0.0,
    "attempts": 3,
    "simulated_attempts": 3,
    "failures": 0,
    "loaded_memory_version": 13,
    "saved_memory_version": 14,
    "stop_reason": "Timing judge accepted the verified plan.",
    "claim": "Baseline savings measure CAM optimization, not a causal memory benefit. Memory transfer still requires controlled evaluation."
  },
  "manifest": "/api/jobs/99006bbab905/manifest.json"
}
REHEARSAL VERIFIED
